// Jest Snapshot v1, https://goo.gl/fbAQLP

exports[`Todo utils tests It will match snap shot 1`] = `2`;
